// Vitest Snapshot v1, https://vitest.dev/guide/snapshot.html

exports[`renders default 1`] = `
<span
  style={
    {
      "alignItems": "center",
      "display": "inline-flex",
    }
  }
>
  â€‹
  text
</span>
`;

exports[`renders disabled 1`] = `"text"`;
