// Jest Snapshot v1, https://goo.gl/fbAQLP

exports[`renders default 1`] = `
<span
  style={
    Object {
      "alignItems": "center",
      "display": "inline-flex",
    }
  }
>
  â€‹
  text
</span>
`;

exports[`renders disabled 1`] = `"text"`;
